#
# There is insufficient memory for the Java Runtime Environment to continue.
# Native memory allocation (mmap) failed to map 65536 bytes. Error detail: Failed to commit metaspace.
# Possible reasons:
#   The system is out of physical RAM or swap space
#   This process is running with CompressedOops enabled, and the Java Heap may be blocking the growth of the native heap
# Possible solutions:
#   Reduce memory load on the system
#   Increase physical memory or swap space
#   Check if swap backing store is full
#   Decrease Java heap size (-Xmx/-Xms)
#   Decrease number of Java threads
#   Decrease Java thread stack sizes (-Xss)
#   Set larger code cache with -XX:ReservedCodeCacheSize=
#   JVM is running with Unscaled Compressed Oops mode in which the Java heap is
#     placed in the first 4GB address space. The Java Heap base address is the
#     maximum limit for the native heap growth. Please use -XX:HeapBaseMinAddress
#     to set the Java Heap base and to place the Java Heap above 4GB virtual address.
# This output file may be truncated or incomplete.
#
#  Out of Memory Error (virtualSpaceNode.cpp:113), pid=13036, tid=588
#
# JRE version: OpenJDK Runtime Environment JBR-21.0.6+8-631.39-jcef (21.0.6+8) (build 21.0.6+8-b631.39)
# Java VM: OpenJDK 64-Bit Server VM JBR-21.0.6+8-631.39-jcef (21.0.6+8-b631.39, mixed mode, sharing, tiered, compressed oops, compressed class ptrs, g1 gc, windows-amd64)
# No core dump will be written. Minidumps are not enabled by default on client versions of Windows
#

---------------  S U M M A R Y ------------

Command Line: git4idea.http.GitAskPassApp Username for 'https://github.com': 

Host: AMD Athlon Gold 3150U with Radeon Graphics     , 4 cores, 5G,  Windows 11 , 64 bit Build 26100 (10.0.26100.3912)
Time: Wed May 28 00:43:33 2025 Sri Lanka Standard Time elapsed time: 0.437531 seconds (0d 0h 0m 0s)

---------------  T H R E A D  ---------------

Current thread (0x000001dce6b28f80):  JavaThread "main"             [_thread_in_vm, id=588, stack(0x0000002e2db00000,0x0000002e2dc00000) (1024K)]

Stack: [0x0000002e2db00000,0x0000002e2dc00000]
Native frames: (J=compiled Java code, j=interpreted, Vv=VM code, C=native code)
V  [jvm.dll+0x6e5d39]
V  [jvm.dll+0x8c4133]
V  [jvm.dll+0x8c668e]
V  [jvm.dll+0x8c6d73]
V  [jvm.dll+0x288f76]
V  [jvm.dll+0x8bef7e]
V  [jvm.dll+0x686a35]
V  [jvm.dll+0x686a9a]
V  [jvm.dll+0x6892b6]
V  [jvm.dll+0x689182]
V  [jvm.dll+0x6873ee]
V  [jvm.dll+0x2726cf]
V  [jvm.dll+0x691675]
V  [jvm.dll+0x21d23c]
V  [jvm.dll+0x21d785]
V  [jvm.dll+0x21e166]
V  [jvm.dll+0x2131b9]
V  [jvm.dll+0x5c4533]
V  [jvm.dll+0x224bfb]
V  [jvm.dll+0x83af3c]
V  [jvm.dll+0x83bfe2]
V  [jvm.dll+0x83c5a4]
V  [jvm.dll+0x83c238]
V  [jvm.dll+0x2760ab]
V  [jvm.dll+0x3e38fe]
C  0x000001dcf200a93f

The last pc belongs to new (printed below).
Java frames: (J=compiled Java code, j=interpreted, Vv=VM code)
j  sun.security.ssl.SSLAlgorithmConstraints.<clinit>()V+0 java.base@21.0.6
v  ~StubRoutines::call_stub 0x000001dcf1ff100d
j  sun.security.ssl.ProtocolVersion.<init>(Ljava/lang/String;IILjava/lang/String;Z)V+47 java.base@21.0.6
j  sun.security.ssl.ProtocolVersion.<clinit>()V+13 java.base@21.0.6
v  ~StubRoutines::call_stub 0x000001dcf1ff100d
j  sun.security.ssl.SSLContextImpl$AbstractTLSContext.<clinit>()V+7 java.base@21.0.6
v  ~StubRoutines::call_stub 0x000001dcf1ff100d
j  java.lang.Class.forName0(Ljava/lang/String;ZLjava/lang/ClassLoader;Ljava/lang/Class;)Ljava/lang/Class;+0 java.base@21.0.6
j  java.lang.Class.forName(Ljava/lang/String;Ljava/lang/Class;)Ljava/lang/Class;+19 java.base@21.0.6
j  java.lang.Class.forName(Ljava/lang/String;)Ljava/lang/Class;+6 java.base@21.0.6
j  java.security.Provider$Service.getImplClass()Ljava/lang/Class;+64 java.base@21.0.6
j  java.security.Provider$Service.getDefaultConstructor()Ljava/lang/reflect/Constructor;+46 java.base@21.0.6
j  java.security.Provider$Service.newInstanceOf()Ljava/lang/Object;+1 java.base@21.0.6
j  java.security.Provider$Service.newInstanceUtil(Ljava/lang/Class;Ljava/lang/Object;)Ljava/lang/Object;+5 java.base@21.0.6
j  java.security.Provider$Service.newInstance(Ljava/lang/Object;)Ljava/lang/Object;+216 java.base@21.0.6
j  sun.security.jca.GetInstance.getInstance(Ljava/security/Provider$Service;Ljava/lang/Class;)Lsun/security/jca/GetInstance$Instance;+2 java.base@21.0.6
j  sun.security.jca.GetInstance.getInstance(Ljava/lang/String;Ljava/lang/Class;Ljava/lang/String;)Lsun/security/jca/GetInstance$Instance;+56 java.base@21.0.6
j  javax.net.ssl.SSLContext.getInstance(Ljava/lang/String;)Ljavax/net/ssl/SSLContext;+12 java.base@21.0.6
j  externalApp.ExternalAppUtil.sendIdeRequest(Ljava/lang/String;ILjava/lang/String;Ljava/lang/String;)LexternalApp/ExternalAppUtil$Result;+34
j  git4idea.http.GitAskPassApp.main([Ljava/lang/String;)V+37
v  ~StubRoutines::call_stub 0x000001dcf1ff100d
new  187 new  [0x000001dcf200a7c0, 0x000001dcf200a9c8]  520 bytes
[MachCode]
  0x000001dcf200a7c0: 4883 ec08 | c5fa 1104 | 24eb 1f48 | 83ec 10c5 | fb11 0424 | eb14 4883 | ec10 4889 | 0424 48c7 
  0x000001dcf200a7e0: 4424 0800 | 0000 00eb | 0150 410f | b755 010f | cac1 ea10 | 488b 4de8 | 488b 4908 | 488b 4908 
  0x000001dcf200a800: 488b 4108 | 807c 1004 | 070f 85d3 | 0000 0066 | 8b54 d148 | 488b 4928 | 488b 4cd1 | 0851 80b9 
  0x000001dcf200a820: 4101 0000 | 040f 85b6 | 0000 008b | 5108 f6c2 | 010f 85aa | 0000 0049 | 8b87 b801 | 0000 488d 
  0x000001dcf200a840: 1c10 493b | 9fc8 0100 | 000f 8792 | 0000 0049 | 899f b801 | 0000 4883 | ea10 0f84 | 0f00 0000 
  0x000001dcf200a860: 33c9 c1ea | 0348 894c | d008 48ff | ca75 f648 | c700 0100 | 0000 5933 | f689 700c | 49ba 0000 
  0x000001dcf200a880: 0080 dc01 | 0000 492b | ca89 4808 | 49ba f75d | e31b ff7f | 0000 4180 | 3a00 0f84 | 3c00 0000 
  0x000001dcf200a8a0: 5048 8bc8 | 4883 ec20 | 40f6 c40f | 0f84 1900 | 0000 4883 | ec08 48b8 | 90d2 8c1b | ff7f 0000 
  0x000001dcf200a8c0: ffd0 4883 | c408 e90c | 0000 0048 | b890 d28c | 1bff 7f00 | 00ff d048 | 83c4 2058 | e9cb 0000 
  0x000001dcf200a8e0: 0059 488b | 55e8 488b | 5208 488b | 5208 450f | b745 0141 | 0fc8 41c1 | e810 e805 | 0000 00e9 
  0x000001dcf200a900: a800 0000 | 488d 4424 | 084c 896d | c049 8bcf | c5f8 7749 | 89af a803 | 0000 4989 | 8798 0300 
  0x000001dcf200a920: 0048 83ec | 2040 f6c4 | 0f0f 8419 | 0000 0048 | 83ec 0848 | b8b0 3856 | 1bff 7f00 | 00ff d048 
  0x000001dcf200a940: 83c4 08e9 | 0c00 0000 | 48b8 b038 | 561b ff7f | 0000 ffd0 | 4883 c420 | 49c7 8798 | 0300 0000 
  0x000001dcf200a960: 0000 0049 | c787 a803 | 0000 0000 | 0000 49c7 | 87a0 0300 | 0000 0000 | 00c5 f877 | 4983 7f08 
  0x000001dcf200a980: 000f 8405 | 0000 00e9 | 7465 feff | 498b 87f0 | 0300 0049 | c787 f003 | 0000 0000 | 0000 4c8b 
  0x000001dcf200a9a0: 6dc0 4c8b | 75c8 4e8d | 74f5 00c3 | 410f b65d | 0349 83c5 | 0349 bac0 | 28e6 1bff | 7f00 0041 
  0x000001dcf200a9c0: ff24 da0f | 1f44 0000 
[/MachCode]

---------------  P R O C E S S  ---------------

Threads class SMR info:
_java_thread_list=0x000001dcfdf687f0, length=11, elements={
0x000001dce6b28f80, 0x000001dcfdd05d70, 0x000001dcfdd076e0, 0x000001dcfdd0daf0,
0x000001dcfdd10550, 0x000001dcfdd10fa0, 0x000001dcfdd119f0, 0x000001dcfdd12770,
0x000001dcfdd173a0, 0x000001dcfdf84c80, 0x000001dcfdf944e0
}

Java Threads: ( => current thread )
=>0x000001dce6b28f80 JavaThread "main"                              [_thread_in_vm, id=588, stack(0x0000002e2db00000,0x0000002e2dc00000) (1024K)]
  0x000001dcfdd05d70 JavaThread "Reference Handler"          daemon [_thread_blocked, id=23232, stack(0x0000002e2e300000,0x0000002e2e400000) (1024K)]
  0x000001dcfdd076e0 JavaThread "Finalizer"                  daemon [_thread_blocked, id=14068, stack(0x0000002e2e400000,0x0000002e2e500000) (1024K)]
  0x000001dcfdd0daf0 JavaThread "Signal Dispatcher"          daemon [_thread_blocked, id=4064, stack(0x0000002e2e500000,0x0000002e2e600000) (1024K)]
  0x000001dcfdd10550 JavaThread "Attach Listener"            daemon [_thread_blocked, id=8632, stack(0x0000002e2e600000,0x0000002e2e700000) (1024K)]
  0x000001dcfdd10fa0 JavaThread "Service Thread"             daemon [_thread_blocked, id=15384, stack(0x0000002e2e700000,0x0000002e2e800000) (1024K)]
  0x000001dcfdd119f0 JavaThread "Monitor Deflation Thread"   daemon [_thread_blocked, id=4668, stack(0x0000002e2e800000,0x0000002e2e900000) (1024K)]
  0x000001dcfdd12770 JavaThread "C2 CompilerThread0"         daemon [_thread_blocked, id=19020, stack(0x0000002e2e900000,0x0000002e2ea00000) (1024K)]
  0x000001dcfdd173a0 JavaThread "C1 CompilerThread0"         daemon [_thread_blocked, id=10324, stack(0x0000002e2ea00000,0x0000002e2eb00000) (1024K)]
  0x000001dcfdf84c80 JavaThread "Notification Thread"        daemon [_thread_blocked, id=8236, stack(0x0000002e2eb00000,0x0000002e2ec00000) (1024K)]
  0x000001dcfdf944e0 JavaThread "Common-Cleaner"             daemon [_thread_blocked, id=20936, stack(0x0000002e2ec00000,0x0000002e2ed00000) (1024K)]
Total: 11

Other Threads:
  0x000001dcfdce9960 VMThread "VM Thread"                           [id=15092, stack(0x0000002e2e200000,0x0000002e2e300000) (1024K)]
  0x000001dce6bee230 WatcherThread "VM Periodic Task Thread"        [id=10396, stack(0x0000002e2e100000,0x0000002e2e200000) (1024K)]
  0x000001dce6b70780 WorkerThread "GC Thread#0"                     [id=23976, stack(0x0000002e2dc00000,0x0000002e2dd00000) (1024K)]
  0x000001dce6b7d4e0 ConcurrentGCThread "G1 Main Marker"            [id=11200, stack(0x0000002e2dd00000,0x0000002e2de00000) (1024K)]
  0x000001dce6b7eff0 WorkerThread "G1 Conc#0"                       [id=5796, stack(0x0000002e2de00000,0x0000002e2df00000) (1024K)]
  0x000001dce6be4e20 ConcurrentGCThread "G1 Refine#0"               [id=11056, stack(0x0000002e2df00000,0x0000002e2e000000) (1024K)]
  0x000001dce6be5990 ConcurrentGCThread "G1 Service"                [id=7900, stack(0x0000002e2e000000,0x0000002e2e100000) (1024K)]
Total: 7

Threads with active compile tasks:
Total: 0

VM state: not at safepoint (normal execution)

VM Mutex/Monitor currently owned by a thread:  ([mutex/lock_event])
[0x00007fff1be4c830] Metaspace_lock - owner thread: 0x000001dce6b28f80

Heap address: 0x00000000a1400000, size: 1516 MB, Compressed Oops mode: 32-bit

CDS archive(s) mapped at: [0x000001dc80000000-0x000001dc80d00000-0x000001dc80d00000), size 13631488, SharedBaseAddress: 0x000001dc80000000, ArchiveRelocationMode: 1.
Compressed class space mapped at: 0x000001dc81000000-0x000001dcc1000000, reserved size: 1073741824
Narrow klass base: 0x000001dc80000000, Narrow klass shift: 0, Narrow klass range: 0x100000000

GC Precious Log:
 CardTable entry size: 512
 Card Set container configuration: InlinePtr #cards 5 size 8 Array Of Cards #cards 12 size 40 Howl #buckets 4 coarsen threshold 1843 Howl Bitmap #cards 512 size 80 coarsen threshold 460 Card regions per heap region 1 cards per card region 2048
 CPUs: 4 total, 4 available
 Memory: 6063M
 Large Page Support: Disabled
 NUMA Support: Disabled
 Compressed Oops: Enabled (32-bit)
 Heap Region Size: 1M
 Heap Min Capacity: 8M
 Heap Initial Capacity: 96M
 Heap Max Capacity: 1516M
 Pre-touch: Disabled
 Parallel Workers: 4
 Concurrent Workers: 1
 Concurrent Refinement Workers: 4
 Periodic GC: Disabled

Heap:
 garbage-first heap   total 98304K, used 3072K [0x00000000a1400000, 0x0000000100000000)
  region size 1024K, 4 young (4096K), 0 survivors (0K)
 Metaspace       used 1078K, committed 1216K, reserved 1114112K
  class space    used 117K, committed 192K, reserved 1048576K

Heap Regions: E=young(eden), S=young(survivor), O=old, HS=humongous(starts), HC=humongous(continues), CS=collection set, F=free, TAMS=top-at-mark-start, PB=parsable bottom
|   0|0x00000000a1400000, 0x00000000a1400000, 0x00000000a1500000|  0%| F|  |TAMS 0x00000000a1400000| PB 0x00000000a1400000| Untracked 
|   1|0x00000000a1500000, 0x00000000a1500000, 0x00000000a1600000|  0%| F|  |TAMS 0x00000000a1500000| PB 0x00000000a1500000| Untracked 
|   2|0x00000000a1600000, 0x00000000a1600000, 0x00000000a1700000|  0%| F|  |TAMS 0x00000000a1600000| PB 0x00000000a1600000| Untracked 
|   3|0x00000000a1700000, 0x00000000a1700000, 0x00000000a1800000|  0%| F|  |TAMS 0x00000000a1700000| PB 0x00000000a1700000| Untracked 
|   4|0x00000000a1800000, 0x00000000a1800000, 0x00000000a1900000|  0%| F|  |TAMS 0x00000000a1800000| PB 0x00000000a1800000| Untracked 
|   5|0x00000000a1900000, 0x00000000a1900000, 0x00000000a1a00000|  0%| F|  |TAMS 0x00000000a1900000| PB 0x00000000a1900000| Untracked 
|   6|0x00000000a1a00000, 0x00000000a1a00000, 0x00000000a1b00000|  0%| F|  |TAMS 0x00000000a1a00000| PB 0x00000000a1a00000| Untracked 
|   7|0x00000000a1b00000, 0x00000000a1b00000, 0x00000000a1c00000|  0%| F|  |TAMS 0x00000000a1b00000| PB 0x00000000a1b00000| Untracked 
|   8|0x00000000a1c00000, 0x00000000a1c00000, 0x00000000a1d00000|  0%| F|  |TAMS 0x00000000a1c00000| PB 0x00000000a1c00000| Untracked 
|   9|0x00000000a1d00000, 0x00000000a1d00000, 0x00000000a1e00000|  0%| F|  |TAMS 0x00000000a1d00000| PB 0x00000000a1d00000| Untracked 
|  10|0x00000000a1e00000, 0x00000000a1e00000, 0x00000000a1f00000|  0%| F|  |TAMS 0x00000000a1e00000| PB 0x00000000a1e00000| Untracked 
|  11|0x00000000a1f00000, 0x00000000a1f00000, 0x00000000a2000000|  0%| F|  |TAMS 0x00000000a1f00000| PB 0x00000000a1f00000| Untracked 
|  12|0x00000000a2000000, 0x00000000a2000000, 0x00000000a2100000|  0%| F|  |TAMS 0x00000000a2000000| PB 0x00000000a2000000| Untracked 
|  13|0x00000000a2100000, 0x00000000a2100000, 0x00000000a2200000|  0%| F|  |TAMS 0x00000000a2100000| PB 0x00000000a2100000| Untracked 
|  14|0x00000000a2200000, 0x00000000a2200000, 0x00000000a2300000|  0%| F|  |TAMS 0x00000000a2200000| PB 0x00000000a2200000| Untracked 
|  15|0x00000000a2300000, 0x00000000a2300000, 0x00000000a2400000|  0%| F|  |TAMS 0x00000000a2300000| PB 0x00000000a2300000| Untracked 
|  16|0x00000000a2400000, 0x00000000a2400000, 0x00000000a2500000|  0%| F|  |TAMS 0x00000000a2400000| PB 0x00000000a2400000| Untracked 
|  17|0x00000000a2500000, 0x00000000a2500000, 0x00000000a2600000|  0%| F|  |TAMS 0x00000000a2500000| PB 0x00000000a2500000| Untracked 
|  18|0x00000000a2600000, 0x00000000a2600000, 0x00000000a2700000|  0%| F|  |TAMS 0x00000000a2600000| PB 0x00000000a2600000| Untracked 
|  19|0x00000000a2700000, 0x00000000a2700000, 0x00000000a2800000|  0%| F|  |TAMS 0x00000000a2700000| PB 0x00000000a2700000| Untracked 
|  20|0x00000000a2800000, 0x00000000a2800000, 0x00000000a2900000|  0%| F|  |TAMS 0x00000000a2800000| PB 0x00000000a2800000| Untracked 
|  21|0x00000000a2900000, 0x00000000a2900000, 0x00000000a2a00000|  0%| F|  |TAMS 0x00000000a2900000| PB 0x00000000a2900000| Untracked 
|  22|0x00000000a2a00000, 0x00000000a2a00000, 0x00000000a2b00000|  0%| F|  |TAMS 0x00000000a2a00000| PB 0x00000000a2a00000| Untracked 
|  23|0x00000000a2b00000, 0x00000000a2b00000, 0x00000000a2c00000|  0%| F|  |TAMS 0x00000000a2b00000| PB 0x00000000a2b00000| Untracked 
|  24|0x00000000a2c00000, 0x00000000a2c00000, 0x00000000a2d00000|  0%| F|  |TAMS 0x00000000a2c00000| PB 0x00000000a2c00000| Untracked 
|  25|0x00000000a2d00000, 0x00000000a2d00000, 0x00000000a2e00000|  0%| F|  |TAMS 0x00000000a2d00000| PB 0x00000000a2d00000| Untracked 
|  26|0x00000000a2e00000, 0x00000000a2e00000, 0x00000000a2f00000|  0%| F|  |TAMS 0x00000000a2e00000| PB 0x00000000a2e00000| Untracked 
|  27|0x00000000a2f00000, 0x00000000a2f00000, 0x00000000a3000000|  0%| F|  |TAMS 0x00000000a2f00000| PB 0x00000000a2f00000| Untracked 
|  28|0x00000000a3000000, 0x00000000a3000000, 0x00000000a3100000|  0%| F|  |TAMS 0x00000000a3000000| PB 0x00000000a3000000| Untracked 
|  29|0x00000000a3100000, 0x00000000a3100000, 0x00000000a3200000|  0%| F|  |TAMS 0x00000000a3100000| PB 0x00000000a3100000| Untracked 
|  30|0x00000000a3200000, 0x00000000a3200000, 0x00000000a3300000|  0%| F|  |TAMS 0x00000000a3200000| PB 0x00000000a3200000| Untracked 
|  31|0x00000000a3300000, 0x00000000a3300000, 0x00000000a3400000|  0%| F|  |TAMS 0x00000000a3300000| PB 0x00000000a3300000| Untracked 
|  32|0x00000000a3400000, 0x00000000a3400000, 0x00000000a3500000|  0%| F|  |TAMS 0x00000000a3400000| PB 0x00000000a3400000| Untracked 
|  33|0x00000000a3500000, 0x00000000a3500000, 0x00000000a3600000|  0%| F|  |TAMS 0x00000000a3500000| PB 0x00000000a3500000| Untracked 
|  34|0x00000000a3600000, 0x00000000a3600000, 0x00000000a3700000|  0%| F|  |TAMS 0x00000000a3600000| PB 0x00000000a3600000| Untracked 
|  35|0x00000000a3700000, 0x00000000a3700000, 0x00000000a3800000|  0%| F|  |TAMS 0x00000000a3700000| PB 0x00000000a3700000| Untracked 
|  36|0x00000000a3800000, 0x00000000a3800000, 0x00000000a3900000|  0%| F|  |TAMS 0x00000000a3800000| PB 0x00000000a3800000| Untracked 
|  37|0x00000000a3900000, 0x00000000a3900000, 0x00000000a3a00000|  0%| F|  |TAMS 0x00000000a3900000| PB 0x00000000a3900000| Untracked 
|  38|0x00000000a3a00000, 0x00000000a3a00000, 0x00000000a3b00000|  0%| F|  |TAMS 0x00000000a3a00000| PB 0x00000000a3a00000| Untracked 
|  39|0x00000000a3b00000, 0x00000000a3b00000, 0x00000000a3c00000|  0%| F|  |TAMS 0x00000000a3b00000| PB 0x00000000a3b00000| Untracked 
|  40|0x00000000a3c00000, 0x00000000a3c00000, 0x00000000a3d00000|  0%| F|  |TAMS 0x00000000a3c00000| PB 0x00000000a3c00000| Untracked 
|  41|0x00000000a3d00000, 0x00000000a3d00000, 0x00000000a3e00000|  0%| F|  |TAMS 0x00000000a3d00000| PB 0x00000000a3d00000| Untracked 
|  42|0x00000000a3e00000, 0x00000000a3e00000, 0x00000000a3f00000|  0%| F|  |TAMS 0x00000000a3e00000| PB 0x00000000a3e00000| Untracked 
|  43|0x00000000a3f00000, 0x00000000a3f00000, 0x00000000a4000000|  0%| F|  |TAMS 0x00000000a3f00000| PB 0x00000000a3f00000| Untracked 
|  44|0x00000000a4000000, 0x00000000a4000000, 0x00000000a4100000|  0%| F|  |TAMS 0x00000000a4000000| PB 0x00000000a4000000| Untracked 
|  45|0x00000000a4100000, 0x00000000a4100000, 0x00000000a4200000|  0%| F|  |TAMS 0x00000000a4100000| PB 0x00000000a4100000| Untracked 
|  46|0x00000000a4200000, 0x00000000a4200000, 0x00000000a4300000|  0%| F|  |TAMS 0x00000000a4200000| PB 0x00000000a4200000| Untracked 
|  47|0x00000000a4300000, 0x00000000a4300000, 0x00000000a4400000|  0%| F|  |TAMS 0x00000000a4300000| PB 0x00000000a4300000| Untracked 
|  48|0x00000000a4400000, 0x00000000a4400000, 0x00000000a4500000|  0%| F|  |TAMS 0x00000000a4400000| PB 0x00000000a4400000| Untracked 
|  49|0x00000000a4500000, 0x00000000a4500000, 0x00000000a4600000|  0%| F|  |TAMS 0x00000000a4500000| PB 0x00000000a4500000| Untracked 
|  50|0x00000000a4600000, 0x00000000a4600000, 0x00000000a4700000|  0%| F|  |TAMS 0x00000000a4600000| PB 0x00000000a4600000| Untracked 
|  51|0x00000000a4700000, 0x00000000a4700000, 0x00000000a4800000|  0%| F|  |TAMS 0x00000000a4700000| PB 0x00000000a4700000| Untracked 
|  52|0x00000000a4800000, 0x00000000a4800000, 0x00000000a4900000|  0%| F|  |TAMS 0x00000000a4800000| PB 0x00000000a4800000| Untracked 
|  53|0x00000000a4900000, 0x00000000a4900000, 0x00000000a4a00000|  0%| F|  |TAMS 0x00000000a4900000| PB 0x00000000a4900000| Untracked 
|  54|0x00000000a4a00000, 0x00000000a4a00000, 0x00000000a4b00000|  0%| F|  |TAMS 0x00000000a4a00000| PB 0x00000000a4a00000| Untracked 
|  55|0x00000000a4b00000, 0x00000000a4b00000, 0x00000000a4c00000|  0%| F|  |TAMS 0x00000000a4b00000| PB 0x00000000a4b00000| Untracked 
|  56|0x00000000a4c00000, 0x00000000a4c00000, 0x00000000a4d00000|  0%| F|  |TAMS 0x00000000a4c00000| PB 0x00000000a4c00000| Untracked 
|  57|0x00000000a4d00000, 0x00000000a4d00000, 0x00000000a4e00000|  0%| F|  |TAMS 0x00000000a4d00000| PB 0x00000000a4d00000| Untracked 
|  58|0x00000000a4e00000, 0x00000000a4e00000, 0x00000000a4f00000|  0%| F|  |TAMS 0x00000000a4e00000| PB 0x00000000a4e00000| Untracked 
|  59|0x00000000a4f00000, 0x00000000a4f00000, 0x00000000a5000000|  0%| F|  |TAMS 0x00000000a4f00000| PB 0x00000000a4f00000| Untracked 
|  60|0x00000000a5000000, 0x00000000a5000000, 0x00000000a5100000|  0%| F|  |TAMS 0x00000000a5000000| PB 0x00000000a5000000| Untracked 
|  61|0x00000000a5100000, 0x00000000a5100000, 0x00000000a5200000|  0%| F|  |TAMS 0x00000000a5100000| PB 0x00000000a5100000| Untracked 
|  62|0x00000000a5200000, 0x00000000a5200000, 0x00000000a5300000|  0%| F|  |TAMS 0x00000000a5200000| PB 0x00000000a5200000| Untracked 
|  63|0x00000000a5300000, 0x00000000a5300000, 0x00000000a5400000|  0%| F|  |TAMS 0x00000000a5300000| PB 0x00000000a5300000| Untracked 
|  64|0x00000000a5400000, 0x00000000a5400000, 0x00000000a5500000|  0%| F|  |TAMS 0x00000000a5400000| PB 0x00000000a5400000| Untracked 
|  65|0x00000000a5500000, 0x00000000a5500000, 0x00000000a5600000|  0%| F|  |TAMS 0x00000000a5500000| PB 0x00000000a5500000| Untracked 
|  66|0x00000000a5600000, 0x00000000a5600000, 0x00000000a5700000|  0%| F|  |TAMS 0x00000000a5600000| PB 0x00000000a5600000| Untracked 
|  67|0x00000000a5700000, 0x00000000a5700000, 0x00000000a5800000|  0%| F|  |TAMS 0x00000000a5700000| PB 0x00000000a5700000| Untracked 
|  68|0x00000000a5800000, 0x00000000a5800000, 0x00000000a5900000|  0%| F|  |TAMS 0x00000000a5800000| PB 0x00000000a5800000| Untracked 
|  69|0x00000000a5900000, 0x00000000a5900000, 0x00000000a5a00000|  0%| F|  |TAMS 0x00000000a5900000| PB 0x00000000a5900000| Untracked 
|  70|0x00000000a5a00000, 0x00000000a5a00000, 0x00000000a5b00000|  0%| F|  |TAMS 0x00000000a5a00000| PB 0x00000000a5a00000| Untracked 
|  71|0x00000000a5b00000, 0x00000000a5b00000, 0x00000000a5c00000|  0%| F|  |TAMS 0x00000000a5b00000| PB 0x00000000a5b00000| Untracked 
|  72|0x00000000a5c00000, 0x00000000a5c00000, 0x00000000a5d00000|  0%| F|  |TAMS 0x00000000a5c00000| PB 0x00000000a5c00000| Untracked 
|  73|0x00000000a5d00000, 0x00000000a5d00000, 0x00000000a5e00000|  0%| F|  |TAMS 0x00000000a5d00000| PB 0x00000000a5d00000| Untracked 
|  74|0x00000000a5e00000, 0x00000000a5e00000, 0x00000000a5f00000|  0%| F|  |TAMS 0x00000000a5e00000| PB 0x00000000a5e00000| Untracked 
|  75|0x00000000a5f00000, 0x00000000a5f00000, 0x00000000a6000000|  0%| F|  |TAMS 0x00000000a5f00000| PB 0x00000000a5f00000| Untracked 
|  76|0x00000000a6000000, 0x00000000a6000000, 0x00000000a6100000|  0%| F|  |TAMS 0x00000000a6000000| PB 0x00000000a6000000| Untracked 
|  77|0x00000000a6100000, 0x00000000a6100000, 0x00000000a6200000|  0%| F|  |TAMS 0x00000000a6100000| PB 0x00000000a6100000| Untracked 
|  78|0x00000000a6200000, 0x00000000a6200000, 0x00000000a6300000|  0%| F|  |TAMS 0x00000000a6200000| PB 0x00000000a6200000| Untracked 
|  79|0x00000000a6300000, 0x00000000a6300000, 0x00000000a6400000|  0%| F|  |TAMS 0x00000000a6300000| PB 0x00000000a6300000| Untracked 
|  80|0x00000000a6400000, 0x00000000a6400000, 0x00000000a6500000|  0%| F|  |TAMS 0x00000000a6400000| PB 0x00000000a6400000| Untracked 
|  81|0x00000000a6500000, 0x00000000a6500000, 0x00000000a6600000|  0%| F|  |TAMS 0x00000000a6500000| PB 0x00000000a6500000| Untracked 
|  82|0x00000000a6600000, 0x00000000a6600000, 0x00000000a6700000|  0%| F|  |TAMS 0x00000000a6600000| PB 0x00000000a6600000| Untracked 
|  83|0x00000000a6700000, 0x00000000a6700000, 0x00000000a6800000|  0%| F|  |TAMS 0x00000000a6700000| PB 0x00000000a6700000| Untracked 
|  84|0x00000000a6800000, 0x00000000a6800000, 0x00000000a6900000|  0%| F|  |TAMS 0x00000000a6800000| PB 0x00000000a6800000| Untracked 
|  85|0x00000000a6900000, 0x00000000a6900000, 0x00000000a6a00000|  0%| F|  |TAMS 0x00000000a6900000| PB 0x00000000a6900000| Untracked 
|  86|0x00000000a6a00000, 0x00000000a6a00000, 0x00000000a6b00000|  0%| F|  |TAMS 0x00000000a6a00000| PB 0x00000000a6a00000| Untracked 
|  87|0x00000000a6b00000, 0x00000000a6b00000, 0x00000000a6c00000|  0%| F|  |TAMS 0x00000000a6b00000| PB 0x00000000a6b00000| Untracked 
|  88|0x00000000a6c00000, 0x00000000a6c00000, 0x00000000a6d00000|  0%| F|  |TAMS 0x00000000a6c00000| PB 0x00000000a6c00000| Untracked 
|  89|0x00000000a6d00000, 0x00000000a6d00000, 0x00000000a6e00000|  0%| F|  |TAMS 0x00000000a6d00000| PB 0x00000000a6d00000| Untracked 
|  90|0x00000000a6e00000, 0x00000000a6e00000, 0x00000000a6f00000|  0%| F|  |TAMS 0x00000000a6e00000| PB 0x00000000a6e00000| Untracked 
|  91|0x00000000a6f00000, 0x00000000a6f00000, 0x00000000a7000000|  0%| F|  |TAMS 0x00000000a6f00000| PB 0x00000000a6f00000| Untracked 
|  92|0x00000000a7000000, 0x00000000a7042908, 0x00000000a7100000| 26%| E|  |TAMS 0x00000000a7000000| PB 0x00000000a7000000| Complete 
|  93|0x00000000a7100000, 0x00000000a7200000, 0x00000000a7200000|100%| E|CS|TAMS 0x00000000a7100000| PB 0x00000000a7100000| Complete 
|  94|0x00000000a7200000, 0x00000000a7300000, 0x00000000a7300000|100%| E|CS|TAMS 0x00000000a7200000| PB 0x00000000a7200000| Complete 
|  95|0x00000000a7300000, 0x00000000a7400000, 0x00000000a7400000|100%| E|CS|TAMS 0x00000000a7300000| PB 0x00000000a7300000| Complete 

Card table byte_map: [0x000001dcf9dc0000,0x000001dcfa0c0000] _byte_map_base: 0x000001dcf98b6000

Marking Bits: (CMBitMap*) 0x000001dce6b70e80
 Bits: [0x000001dcfa0c0000, 0x000001dcfb870000)

Polling page: 0x000001dce49f0000

Metaspace:

Usage:
  Non-class:    960.89 KB used.
      Class:    117.68 KB used.
       Both:      1.05 MB used.

Virtual space:
  Non-class space:       64.00 MB reserved,       1.00 MB (  2%) committed,  1 nodes.
      Class space:        1.00 GB reserved,     192.00 KB ( <1%) committed,  1 nodes.
             Both:        1.06 GB reserved,       1.19 MB ( <1%) committed. 

Chunk freelists:
   Non-Class:  11.86 MB
       Class:  15.73 MB
        Both:  27.59 MB

MaxMetaspaceSize: unlimited
CompressedClassSpaceSize: 1.00 GB
Initial GC threshold: 21.00 MB
Current GC threshold: 21.00 MB
CDS: on
 - commit_granule_bytes: 65536.
 - commit_granule_words: 8192.
 - virtual_space_node_default_size: 8388608.
 - enlarge_chunks_in_place: 1.
 - use_allocation_guard: 0.


Internal statistics:

num_allocs_failed_limit: 0.
num_arena_births: 10.
num_arena_deaths: 0.
num_vsnodes_births: 2.
num_vsnodes_deaths: 0.
num_space_committed: 19.
num_space_uncommitted: 0.
num_chunks_returned_to_freelist: 0.
num_chunks_taken_from_freelist: 21.
num_chunk_merges: 0.
num_chunk_splits: 15.
num_chunks_enlarged: 13.
num_inconsistent_stats: 0.

CodeHeap 'non-profiled nmethods': size=120000Kb used=77Kb max_used=77Kb free=119922Kb
 bounds [0x000001dcf2590000, 0x000001dcf2800000, 0x000001dcf9ac0000]
CodeHeap 'profiled nmethods': size=120000Kb used=362Kb max_used=362Kb free=119637Kb
 bounds [0x000001dceaac0000, 0x000001dcead30000, 0x000001dcf1ff0000]
CodeHeap 'non-nmethods': size=5760Kb used=1305Kb max_used=1320Kb free=4454Kb
 bounds [0x000001dcf1ff0000, 0x000001dcf2260000, 0x000001dcf2590000]
 total_blobs=679 nmethods=260 adapters=324
 compilation: enabled
              stopped_count=0, restarted_count=0
 full_count=0

Compilation events (20 events):
Event: 0.410 Thread 0x000001dcfdd173a0 nmethod 254 0x000001dceab19e10 code [0x000001dceab19fc0, 0x000001dceab1a158]
Event: 0.410 Thread 0x000001dcfdd173a0  255       3       java.util.HashMap$EntryIterator::next (5 bytes)
Event: 0.410 Thread 0x000001dcfdd173a0 nmethod 255 0x000001dceab1a210 code [0x000001dceab1a3c0, 0x000001dceab1a4f8]
Event: 0.410 Thread 0x000001dcfdd173a0  256       1       java.security.Provider$UString::toString (5 bytes)
Event: 0.410 Thread 0x000001dcfdd173a0 nmethod 256 0x000001dcf25a1590 code [0x000001dcf25a1720, 0x000001dcf25a17e8]
Event: 0.410 Thread 0x000001dcfdd173a0  252       1       java.math.BigInteger::signum (5 bytes)
Event: 0.410 Thread 0x000001dcfdd173a0 nmethod 252 0x000001dcf25a1890 code [0x000001dcf25a1a20, 0x000001dcf25a1ae8]
Event: 0.410 Thread 0x000001dcfdd173a0  250       1       sun.security.util.KnownOIDs::aliases (5 bytes)
Event: 0.410 Thread 0x000001dcfdd173a0 nmethod 250 0x000001dcf25a1b90 code [0x000001dcf25a1d20, 0x000001dcf25a1de8]
Event: 0.411 Thread 0x000001dcfdd173a0  259       1       java.util.Collections$EmptyIterator::hasNext (2 bytes)
Event: 0.411 Thread 0x000001dcfdd173a0 nmethod 259 0x000001dcf25a1e90 code [0x000001dcf25a2020, 0x000001dcf25a20e8]
Event: 0.411 Thread 0x000001dcfdd173a0  257       1       java.security.Provider$Service::getProvider (5 bytes)
Event: 0.411 Thread 0x000001dcfdd173a0 nmethod 257 0x000001dcf25a2190 code [0x000001dcf25a2320, 0x000001dcf25a23e8]
Event: 0.411 Thread 0x000001dcfdd173a0  258       1       java.security.Provider$Service::getClassName (5 bytes)
Event: 0.411 Thread 0x000001dcfdd173a0 nmethod 258 0x000001dcf25a2490 code [0x000001dcf25a2620, 0x000001dcf25a26e8]
Event: 0.411 Thread 0x000001dcfdd173a0  260       3       java.lang.Class::getClassLoader (28 bytes)
Event: 0.412 Thread 0x000001dcfdd173a0 nmethod 260 0x000001dceab1a590 code [0x000001dceab1a740, 0x000001dceab1a998]
Event: 0.415 Thread 0x000001dcfdd12770 nmethod 253 0x000001dcf25a2790 code [0x000001dcf25a2960, 0x000001dcf25a2d48]
Event: 0.415 Thread 0x000001dcfdd12770  242       4       java.lang.Character::digit (6 bytes)
Event: 0.416 Thread 0x000001dcfdd12770 nmethod 242 0x000001dcf25a3290 code [0x000001dcf25a3420, 0x000001dcf25a3548]

GC Heap History (0 events):
No events

Dll operation events (2 events):
Event: 0.035 Loaded shared library C:\Users\banum\AppData\Local\JetBrains\IntelliJ IDEA 2024.3.4.1\jbr\bin\java.dll
Event: 0.196 Loaded shared library C:\Users\banum\AppData\Local\JetBrains\IntelliJ IDEA 2024.3.4.1\jbr\bin\zip.dll

Deoptimization events (0 events):
No events

Classes loaded (20 events):
Event: 0.412 Loading class jdk/internal/event/Event
Event: 0.413 Loading class jdk/internal/event/Event done
Event: 0.413 Loading class jdk/internal/event/SecurityProviderServiceEvent done
Event: 0.413 Loading class sun/security/ssl/SSLContextImpl$TLSContext
Event: 0.413 Loading class sun/security/ssl/SSLContextImpl$CustomizedTLSContext
Event: 0.414 Loading class sun/security/ssl/SSLContextImpl$AbstractTLSContext
Event: 0.414 Loading class sun/security/ssl/SSLContextImpl
Event: 0.414 Loading class sun/security/ssl/SSLContextImpl done
Event: 0.414 Loading class sun/security/ssl/SSLContextImpl$AbstractTLSContext done
Event: 0.414 Loading class sun/security/ssl/SSLContextImpl$CustomizedTLSContext done
Event: 0.414 Loading class sun/security/ssl/SSLContextImpl$TLSContext done
Event: 0.415 Loading class sun/security/ssl/SSLLogger
Event: 0.415 Loading class sun/security/ssl/SSLLogger done
Event: 0.415 Loading class sun/security/ssl/ProtocolVersion
Event: 0.416 Loading class sun/security/ssl/ProtocolVersion done
Event: 0.416 Loading class sun/security/ssl/SSLAlgorithmConstraints
Event: 0.416 Loading class java/security/AlgorithmConstraints
Event: 0.416 Loading class java/security/AlgorithmConstraints done
Event: 0.416 Loading class sun/security/ssl/SSLAlgorithmConstraints done
Event: 0.416 Loading class sun/security/util/DisabledAlgorithmConstraints

Classes unloaded (0 events):
No events

Classes redefined (0 events):
No events

Internal exceptions (0 events):
No events

ZGC Phase Switch (0 events):
No events

VM Operations (4 events):
Event: 0.234 Executing VM operation: HandshakeAllThreads (Deoptimize)
Event: 0.234 Executing VM operation: HandshakeAllThreads (Deoptimize) done
Event: 0.257 Executing VM operation: HandshakeAllThreads (Deoptimize)
Event: 0.257 Executing VM operation: HandshakeAllThreads (Deoptimize) done

Memory protections (0 events):
No events

Nmethod flushes (0 events):
No events

Events (16 events):
Event: 0.097 Thread 0x000001dce6b28f80 Thread added: 0x000001dce6b28f80
Event: 0.142 Thread 0x000001dce6b28f80 Thread added: 0x000001dcfdd05d70
Event: 0.143 Thread 0x000001dce6b28f80 Thread added: 0x000001dcfdd076e0
Event: 0.143 Thread 0x000001dce6b28f80 Thread added: 0x000001dcfdd0daf0
Event: 0.143 Thread 0x000001dce6b28f80 Thread added: 0x000001dcfdd10550
Event: 0.144 Thread 0x000001dce6b28f80 Thread added: 0x000001dcfdd10fa0
Event: 0.144 Thread 0x000001dce6b28f80 Thread added: 0x000001dcfdd119f0
Event: 0.144 Thread 0x000001dce6b28f80 Thread added: 0x000001dcfdd12770
Event: 0.144 Thread 0x000001dce6b28f80 Thread added: 0x000001dcfdd173a0
Event: 0.190 Thread 0x000001dce6b28f80 Thread added: 0x000001dcfdf84c80
Event: 0.199 Thread 0x000001dce6b28f80 Thread added: 0x000001dcfdf944e0
Event: 0.210 Loaded shared library C:\Users\banum\AppData\Local\JetBrains\IntelliJ IDEA 2024.3.4.1\jbr\bin\net.dll
Event: 0.216 Loaded shared library C:\Users\banum\AppData\Local\JetBrains\IntelliJ IDEA 2024.3.4.1\jbr\bin\nio.dll
Event: 0.224 Loaded shared library C:\Users\banum\AppData\Local\JetBrains\IntelliJ IDEA 2024.3.4.1\jbr\bin\zip.dll
Event: 0.341 Loaded shared library C:\Users\banum\AppData\Local\JetBrains\IntelliJ IDEA 2024.3.4.1\jbr\bin\jimage.dll
Event: 0.357 Loaded shared library C:\Users\banum\AppData\Local\JetBrains\IntelliJ IDEA 2024.3.4.1\jbr\bin\sunmscapi.dll


Dynamic libraries:
0x00007ff61edc0000 - 0x00007ff61edca000 	C:\Users\banum\AppData\Local\JetBrains\IntelliJ IDEA 2024.3.4.1\jbr\bin\java.exe
0x00007fffa94a0000 - 0x00007fffa9706000 	C:\WINDOWS\SYSTEM32\ntdll.dll
0x00007fffa78c0000 - 0x00007fffa7989000 	C:\WINDOWS\System32\KERNEL32.DLL
0x00007fffa6b70000 - 0x00007fffa6f3c000 	C:\WINDOWS\System32\KERNELBASE.dll
0x00007fffa6980000 - 0x00007fffa6acb000 	C:\WINDOWS\System32\ucrtbase.dll
0x00007fff9cb20000 - 0x00007fff9cb3b000 	C:\Users\banum\AppData\Local\JetBrains\IntelliJ IDEA 2024.3.4.1\jbr\bin\VCRUNTIME140.dll
0x00007fff93ff0000 - 0x00007fff94008000 	C:\Users\banum\AppData\Local\JetBrains\IntelliJ IDEA 2024.3.4.1\jbr\bin\jli.dll
0x00007fffa76f0000 - 0x00007fffa78ba000 	C:\WINDOWS\System32\USER32.dll
0x00007fffa70c0000 - 0x00007fffa70e7000 	C:\WINDOWS\System32\win32u.dll
0x00007fffa8670000 - 0x00007fffa869b000 	C:\WINDOWS\System32\GDI32.dll
0x00007fffa6600000 - 0x00007fffa6732000 	C:\WINDOWS\System32\gdi32full.dll
0x00007fff9c730000 - 0x00007fff9c9ca000 	C:\WINDOWS\WinSxS\amd64_microsoft.windows.common-controls_6595b64144ccf1df_6.0.26100.3912_none_3e07963ce335137e\COMCTL32.dll
0x00007fffa70f0000 - 0x00007fffa7193000 	C:\WINDOWS\System32\msvcp_win.dll
0x00007fffa74b0000 - 0x00007fffa7559000 	C:\WINDOWS\System32\msvcrt.dll
0x00007fffa7d70000 - 0x00007fffa7da0000 	C:\WINDOWS\System32\IMM32.DLL
0x00007fff9f610000 - 0x00007fff9f61c000 	C:\Users\banum\AppData\Local\JetBrains\IntelliJ IDEA 2024.3.4.1\jbr\bin\vcruntime140_1.dll
0x00007fff536c0000 - 0x00007fff5374d000 	C:\Users\banum\AppData\Local\JetBrains\IntelliJ IDEA 2024.3.4.1\jbr\bin\msvcp140.dll
0x00007fff1b180000 - 0x00007fff1bf41000 	C:\Users\banum\AppData\Local\JetBrains\IntelliJ IDEA 2024.3.4.1\jbr\bin\server\jvm.dll
0x00007fffa9160000 - 0x00007fffa9212000 	C:\WINDOWS\System32\ADVAPI32.dll
0x00007fffa7400000 - 0x00007fffa74a6000 	C:\WINDOWS\System32\sechost.dll
0x00007fffa7dc0000 - 0x00007fffa7ed6000 	C:\WINDOWS\System32\RPCRT4.dll
0x00007fffa93b0000 - 0x00007fffa9424000 	C:\WINDOWS\System32\WS2_32.dll
0x00007fffa6450000 - 0x00007fffa64ae000 	C:\WINDOWS\SYSTEM32\POWRPROF.dll
0x00007fff91810000 - 0x00007fff91846000 	C:\WINDOWS\SYSTEM32\WINMM.dll
0x00007fff9cc70000 - 0x00007fff9cc7b000 	C:\WINDOWS\SYSTEM32\VERSION.dll
0x00007fffa6430000 - 0x00007fffa6444000 	C:\WINDOWS\SYSTEM32\UMPDC.dll
0x00007fffa53c0000 - 0x00007fffa53da000 	C:\WINDOWS\SYSTEM32\kernel.appcore.dll
0x00007fff9d260000 - 0x00007fff9d26a000 	C:\Users\banum\AppData\Local\JetBrains\IntelliJ IDEA 2024.3.4.1\jbr\bin\jimage.dll
0x00007fff9de00000 - 0x00007fff9e041000 	C:\WINDOWS\SYSTEM32\DBGHELP.DLL
0x00007fffa8d60000 - 0x00007fffa90e4000 	C:\WINDOWS\System32\combase.dll
0x00007fffa7a40000 - 0x00007fffa7b20000 	C:\WINDOWS\System32\OLEAUT32.dll
0x00007fff8a4b0000 - 0x00007fff8a4e9000 	C:\WINDOWS\SYSTEM32\dbgcore.DLL
0x00007fffa6ad0000 - 0x00007fffa6b69000 	C:\WINDOWS\System32\bcryptPrimitives.dll
0x00007fff935f0000 - 0x00007fff93610000 	C:\Users\banum\AppData\Local\JetBrains\IntelliJ IDEA 2024.3.4.1\jbr\bin\java.dll
0x00007fffa7f30000 - 0x00007fffa865d000 	C:\WINDOWS\System32\SHELL32.dll
0x00007fffa6800000 - 0x00007fffa6974000 	C:\WINDOWS\System32\wintypes.dll
0x00007fffa42b0000 - 0x00007fffa4b06000 	C:\WINDOWS\SYSTEM32\windows.storage.dll
0x00007fffa75f0000 - 0x00007fffa76df000 	C:\WINDOWS\System32\SHCORE.dll
0x00007fffa90f0000 - 0x00007fffa9159000 	C:\WINDOWS\System32\shlwapi.dll
0x00007fffa6510000 - 0x00007fffa653f000 	C:\WINDOWS\SYSTEM32\profapi.dll
0x00007fff91a30000 - 0x00007fff91a48000 	C:\Users\banum\AppData\Local\JetBrains\IntelliJ IDEA 2024.3.4.1\jbr\bin\zip.dll
0x00007fff9cad0000 - 0x00007fff9cae0000 	C:\Users\banum\AppData\Local\JetBrains\IntelliJ IDEA 2024.3.4.1\jbr\bin\net.dll
0x00007fff9ef80000 - 0x00007fff9f09e000 	C:\WINDOWS\SYSTEM32\WINHTTP.dll
0x00007fffa5930000 - 0x00007fffa599a000 	C:\WINDOWS\system32\mswsock.dll
0x00007fff8ea00000 - 0x00007fff8ea16000 	C:\Users\banum\AppData\Local\JetBrains\IntelliJ IDEA 2024.3.4.1\jbr\bin\nio.dll
0x00007fff957f0000 - 0x00007fff957fe000 	C:\Users\banum\AppData\Local\JetBrains\IntelliJ IDEA 2024.3.4.1\jbr\bin\sunmscapi.dll
0x00007fffa6f40000 - 0x00007fffa70b7000 	C:\WINDOWS\System32\CRYPT32.dll
0x00007fffa5de0000 - 0x00007fffa5e10000 	C:\WINDOWS\SYSTEM32\ncrypt.dll
0x00007fffa5d90000 - 0x00007fffa5dcf000 	C:\WINDOWS\SYSTEM32\NTASN1.dll

dbghelp: loaded successfully - version: 4.0.5 - missing functions: none
symbol engine: initialized successfully - sym options: 0x614 - pdb path: .;C:\Users\banum\AppData\Local\JetBrains\IntelliJ IDEA 2024.3.4.1\jbr\bin;C:\WINDOWS\SYSTEM32;C:\WINDOWS\WinSxS\amd64_microsoft.windows.common-controls_6595b64144ccf1df_6.0.26100.3912_none_3e07963ce335137e;C:\Users\banum\AppData\Local\JetBrains\IntelliJ IDEA 2024.3.4.1\jbr\bin\server

VM Arguments:
java_command: git4idea.http.GitAskPassApp Username for 'https://github.com': 
java_class_path (initial): C:/Users/banum/AppData/Local/JetBrains/IntelliJ IDEA 2024.3.4.1/plugins/vcs-git/lib/git4idea-rt.jar;C:/Users/banum/AppData/Local/JetBrains/IntelliJ IDEA 2024.3.4.1/lib/externalProcess-rt.jar
Launcher Type: SUN_STANDARD

[Global flags]
     intx CICompilerCount                          = 3                                         {product} {ergonomic}
     uint ConcGCThreads                            = 1                                         {product} {ergonomic}
     uint G1ConcRefinementThreads                  = 4                                         {product} {ergonomic}
   size_t G1HeapRegionSize                         = 1048576                                   {product} {ergonomic}
    uintx GCDrainStackTargetSize                   = 64                                        {product} {ergonomic}
   size_t InitialHeapSize                          = 100663296                                 {product} {ergonomic}
   size_t MarkStackSize                            = 4194304                                   {product} {ergonomic}
   size_t MaxHeapSize                              = 1589641216                                {product} {ergonomic}
   size_t MaxNewSize                               = 953155584                                 {product} {ergonomic}
   size_t MinHeapDeltaBytes                        = 1048576                                   {product} {ergonomic}
   size_t MinHeapSize                              = 8388608                                   {product} {ergonomic}
    uintx NonNMethodCodeHeapSize                   = 5832780                                {pd product} {ergonomic}
    uintx NonProfiledCodeHeapSize                  = 122912730                              {pd product} {ergonomic}
    uintx ProfiledCodeHeapSize                     = 122912730                              {pd product} {ergonomic}
    uintx ReservedCodeCacheSize                    = 251658240                              {pd product} {ergonomic}
     bool SegmentedCodeCache                       = true                                      {product} {ergonomic}
   size_t SoftMaxHeapSize                          = 1589641216                             {manageable} {ergonomic}
     bool UseCompressedOops                        = true                           {product lp64_product} {ergonomic}
     bool UseG1GC                                  = true                                      {product} {ergonomic}
     bool UseLargePagesIndividualAllocation        = false                                  {pd product} {ergonomic}

Logging:
Log output configuration:
 #0: stdout all=warning uptime,level,tags foldmultilines=false
 #1: stderr all=off uptime,level,tags foldmultilines=false

Environment Variables:
PATH=C:/Program Files/Git/mingw64/libexec/git-core;C:/Program Files/Git/mingw64/libexec/git-core;C:\Program Files\Git\mingw64\bin;C:\Program Files\Git\usr\bin;C:\Users\banum\bin;C:\Program Files\Common Files\Oracle\Java\javapath;C:\WINDOWS\system32;C:\WINDOWS;C:\WINDOWS\System32\Wbem;C:\WINDOWS\System32\WindowsPowerShell\v1.0\;C:\WINDOWS\System32\OpenSSH\;C:\Program Files\HP\HP One Agent;: C:\Program Files\Java\jdk-22\bin;C:\WINDOWS\system32;C:\WINDOWS;C:\WINDOWS\System32\Wbem;C:\WINDOWS\System32\WindowsPowerShell\v1.0\;C:\WINDOWS\System32\OpenSSH\;C:\Program Files\Git\cmd;C:\Users\banum\AppData\Local\Programs\Python\Python313\Scripts\;C:\Users\banum\AppData\Local\Programs\Python\Python313\;C:\Users\banum\AppData\Local\Programs\Python\Launcher\;C:\Users\banum\AppData\Local\Microsoft\WindowsApps;C:\Users\banum\AppData\Local\Programs\Microsoft VS Code\bin;C:\Users\banum\AppData\Local\Programs\cursor\resources\app\bin
USERNAME=banum
DISPLAY=:0.0
LC_ALL=en_US.UTF-8
TERM=xterm-256color
TMPDIR=C:\Users\banum\AppData\Local\Temp
OS=Windows_NT
PROCESSOR_IDENTIFIER=AMD64 Family 23 Model 24 Stepping 1, AuthenticAMD
TMP=C:\Users\banum\AppData\Local\Temp
TEMP=C:\Users\banum\AppData\Local\Temp




Periodic native trim disabled

JNI global refs:
JNI global refs: 7, weak refs: 0

JNI global refs memory usage: 835, weak refs: 201

Process memory usage:
Resident Set Size: 44472K (0% of 6209208K total physical memory with 364188K free physical memory)

OOME stack traces (most recent first):
Classloader memory used:
Loader bootstrap                                                                       : 931K
Loader jdk.internal.loader.ClassLoaders$PlatformClassLoader                            : 130K
Loader jdk.internal.loader.ClassLoaders$AppClassLoader                                 : 16400B

---------------  S Y S T E M  ---------------

OS:
 Windows 11 , 64 bit Build 26100 (10.0.26100.3912)
OS uptime: 11 days 10:37 hours

CPU: total 4 (initial active 4) (4 cores per cpu, 2 threads per core) family 23 model 24 stepping 1 microcode 0x8108109, cx8, cmov, fxsr, ht, mmx, 3dnowpref, sse, sse2, sse3, ssse3, sse4a, sse4.1, sse4.2, popcnt, lzcnt, tsc, tscinvbit, avx, avx2, aes, clmul, bmi1, bmi2, adx, sha, fma, vzeroupper, clflush, clflushopt, rdtscp, f16c
Processor Information for the first 4 processors :
  Max Mhz: 2400, Current Mhz: 2400, Mhz Limit: 2400

Memory: 4k page, system-wide physical 6063M (355M free)
TotalPageFile size 14255M (AvailPageFile size 23M)
current process WorkingSet (physical memory assigned to process): 43M, peak: 43M
current process commit charge ("private bytes"): 169M, peak: 170M

vm_info: OpenJDK 64-Bit Server VM (21.0.6+8-b631.39) for windows-amd64 JRE (21.0.6+8-b631.39), built on 2025-02-04 by "builduser" with MS VC++ 16.10 / 16.11 (VS2019)

END.
